// Jest Snapshot v1, https://goo.gl/fbAQLP

exports[`Indecision Component debe de hacer match con el snapshot 1`] = `
<!--v-if-->
<div class="bg-dark"></div>
<div class="indecision-container"><input type="text" placeholder="Haz una pregunta">
  <p>Recuerda terminar con un signo de interrogacion (?)</p>
  <div>
    <h2></h2>
    <h1>No!</h1>
  </div>
</div>
`;

exports[`Indecision Component debe hacer match con el snapshot 1`] = `
<!--v-if-->
<div class="bg-dark"></div>
<div class="indecision-container"><input type="text" placeholder="Haz una pregunta">
  <p>Recuerda terminar con un signo de interrogacion (?)</p>
  <div>
    <h2></h2>
    <h1>No!</h1>
  </div>
</div>
`;
